[r.mobirisesite.com/110797/assets/images/squareless-media-black-text-icon38ae.png]
[backblue.gif]
[fade.gif]
[index.html]
[r.mobirisesite.com/110797/assets/web/assets/mobirise-icons2/mobirise2.css]
[r.mobirisesite.com/110797/assets/tether/tether.min.css]
[r.mobirisesite.com/110797/assets/bootstrap/css/bootstrap.min.css]
[r.mobirisesite.com/110797/assets/bootstrap/css/bootstrap-grid.min.css]
[r.mobirisesite.com/110797/assets/bootstrap/css/bootstrap-reboot.min.css]
[r.mobirisesite.com/110797/assets/animatecss/animate.css]
[r.mobirisesite.com/110797/assets/dropdown/css/style.css]
[r.mobirisesite.com/110797/assets/socicon/css/styles.css]
[r.mobirisesite.com/110797/assets/theme/css/style.css]
[r.mobirisesite.com/110797/assets/mobirise/css/mbr-additional38ae.css]
[r.mobirisesite.com/110797/assets/images/mbr-1138ae.jpg]
[r.mobirisesite.com/110797/assets/images/mbr-1238ae.jpg]
[r.mobirisesite.com/110797/assets/images/mbr-1338ae.jpg]
[r.mobirisesite.com/110797/assets/images/mbr-1438ae.jpg]
[r.mobirisesite.com/110797/assets/images/mbr-238ae.png]
[r.mobirisesite.com/110797/assets/images/mbr38ae.png]
[r.mobirisesite.com/110797/assets/images/squareless-media-white-text-icon-337x13538ae.png]
[r.mobirisesite.com/110797/assets/web/assets/jquery/jquery.min.js]
[r.mobirisesite.com/110797/assets/popper/popper.min.js]
[r.mobirisesite.com/110797/assets/tether/tether.min.js]
[r.mobirisesite.com/110797/assets/bootstrap/js/bootstrap.min.js]
[r.mobirisesite.com/110797/assets/smoothscroll/smooth-scroll.js]
[r.mobirisesite.com/110797/assets/parallax/jarallax.min.js]
[r.mobirisesite.com/110797/assets/viewportchecker/jquery.viewportchecker.js]
[r.mobirisesite.com/110797/assets/dropdown/js/nav-dropdown.js]
[r.mobirisesite.com/110797/assets/dropdown/js/navbar-dropdown.js]
[r.mobirisesite.com/110797/assets/touchswipe/jquery.touch-swipe.min.js]
[test-page.mobirisesite.com/index.html]
[r.mobirisesite.com/110797/assets/theme/js/script.js]
[r.mobirisesite.com/110797/assets/web/assets/mobirise-icons2/mobirise21e04.eot]
[r.mobirisesite.com/110797/assets/web/assets/mobirise-icons2/mobirise21e04.ttf]
[r.mobirisesite.com/110797/assets/web/assets/mobirise-icons2/mobirise21e04.woff]
[r.mobirisesite.com/110797/assets/web/assets/mobirise-icons2/mobirise2.css]
[r.mobirisesite.com/110797/assets/tether/tether.min.css]
[r.mobirisesite.com/110797/assets/bootstrap/css/bootstrap.min.css]
[r.mobirisesite.com/110797/assets/bootstrap/css/bootstrap-grid.min.css]
[r.mobirisesite.com/110797/assets/bootstrap/css/bootstrap-reboot.min.css]
[r.mobirisesite.com/110797/assets/animatecss/animate.css]
[r.mobirisesite.com/110797/assets/dropdown/css/style.css]
[r.mobirisesite.com/110797/assets/socicon/css/styles.css]
[r.mobirisesite.com/110797/assets/theme/css/style.css]
[r.mobirisesite.com/110797/assets/web/assets/mobirise-icons2/mobirise21e04.svg]
[r.mobirisesite.com/110797/assets/images/mbr-1038ae.jpg]
[r.mobirisesite.com/110797/assets/images/mbr-938ae.jpg]
[r.mobirisesite.com/110797/assets/images/mbr-1738ae.jpg]
[r.mobirisesite.com/110797/assets/images/mbr-1838ae.jpg]
[r.mobirisesite.com/110797/assets/mobirise/css/mbr-additional38ae.css]
[r.mobirisesite.com/110797/assets/web/assets/mobirise-icons2/mobirise21e04.svg]
